// Jest Snapshot v1, https://goo.gl/fbAQLP

exports[`MediaList horizontal scroll variant has no markup regressions 1`] = `
<div
  className="media-list"
>
  <h2
    className="media-list__title"
  >
    Movies
  </h2>
  <div
    className="media-list__container"
  >
    <div
      className="media"
      onMouseEnter={[Function]}
      onMouseLeave={[Function]}
    >
      <div
        className="media__image-container"
      >
        <img
          alt="Orphan: First Kill Poster"
          className="media__image"
          src="http://image.tmdb.org/t/p/w185/wSqAXL1EHVJ3MOnJzMhUngc8gFs.jpg"
        />
      </div>
      <div
        className="media-meta"
      >
        <h3
          className="media-meta__title"
        >
          Orphan: First Kill
        </h3>
        <h4
          className="media-meta__year"
        >
          2022
        </h4>
      </div>
    </div>
    <div
      className="media"
      onMouseEnter={[Function]}
      onMouseLeave={[Function]}
    >
      <div
        className="media__image-container"
      >
        <img
          alt="Fall Poster"
          className="media__image"
          src="http://image.tmdb.org/t/p/w185/spCAxD99U1A6jsiePFoqdEcY0dG.jpg"
        />
      </div>
      <div
        className="media-meta"
      >
        <h3
          className="media-meta__title"
        >
          Fall
        </h3>
        <h4
          className="media-meta__year"
        >
          2022
        </h4>
      </div>
    </div>
    <div
      className="media"
      onMouseEnter={[Function]}
      onMouseLeave={[Function]}
    >
      <div
        className="media__image-container"
      >
        <img
          alt="Pinocchio Poster"
          className="media__image"
          src="http://image.tmdb.org/t/p/w185/g8sclIV4gj1TZqUpnL82hKOTK3B.jpg"
        />
      </div>
      <div
        className="media-meta"
      >
        <h3
          className="media-meta__title"
        >
          Pinocchio
        </h3>
        <h4
          className="media-meta__year"
        >
          2022
        </h4>
      </div>
    </div>
    <div
      className="media"
      onMouseEnter={[Function]}
      onMouseLeave={[Function]}
    >
      <div
        className="media__image-container"
      >
        <img
          alt="Beast Poster"
          className="media__image"
          src="http://image.tmdb.org/t/p/w185/iRV0IB5xQeOymuGGUBarTecQVAl.jpg"
        />
      </div>
      <div
        className="media-meta"
      >
        <h3
          className="media-meta__title"
        >
          Beast
        </h3>
        <h4
          className="media-meta__year"
        >
          2022
        </h4>
      </div>
    </div>
    <div
      className="media"
      onMouseEnter={[Function]}
      onMouseLeave={[Function]}
    >
      <div
        className="media__image-container"
      >
        <img
          alt="Samaritan Poster"
          className="media__image"
          src="http://image.tmdb.org/t/p/w185/vwq5iboxYoaSpOmEQrhq9tHicq7.jpg"
        />
      </div>
      <div
        className="media-meta"
      >
        <h3
          className="media-meta__title"
        >
          Samaritan
        </h3>
        <h4
          className="media-meta__year"
        >
          2022
        </h4>
      </div>
    </div>
    <div
      className="media"
      onMouseEnter={[Function]}
      onMouseLeave={[Function]}
    >
      <div
        className="media__image-container"
      >
        <img
          alt="RRR Poster"
          className="media__image"
          src="http://image.tmdb.org/t/p/w185/wE0I6efAW4cDDmZQWtwZMOW44EJ.jpg"
        />
      </div>
      <div
        className="media-meta"
      >
        <h3
          className="media-meta__title"
        >
          RRR
        </h3>
        <h4
          className="media-meta__year"
        >
          2022
        </h4>
      </div>
    </div>
    <div
      className="media"
      onMouseEnter={[Function]}
      onMouseLeave={[Function]}
    >
      <div
        className="media__image-container"
      >
        <img
          alt="Thor: Love and Thunder Poster"
          className="media__image"
          src="http://image.tmdb.org/t/p/w185/pIkRyD18kl4FhoCNQuWxWu5cBLM.jpg"
        />
      </div>
      <div
        className="media-meta"
      >
        <h3
          className="media-meta__title"
        >
          Thor: Love and Thunder
        </h3>
        <h4
          className="media-meta__year"
        >
          2022
        </h4>
      </div>
    </div>
    <div
      className="media"
      onMouseEnter={[Function]}
      onMouseLeave={[Function]}
    >
      <div
        className="media__image-container"
      >
        <img
          alt="Prey Poster"
          className="media__image"
          src="http://image.tmdb.org/t/p/w185/ujr5pztc1oitbe7ViMUOilFaJ7s.jpg"
        />
      </div>
      <div
        className="media-meta"
      >
        <h3
          className="media-meta__title"
        >
          Prey
        </h3>
        <h4
          className="media-meta__year"
        >
          2022
        </h4>
      </div>
    </div>
    <div
      className="media"
      onMouseEnter={[Function]}
      onMouseLeave={[Function]}
    >
      <div
        className="media__image-container"
      >
        <img
          alt="Dragon Ball Super: Super Hero Poster"
          className="media__image"
          src="http://image.tmdb.org/t/p/w185/rugyJdeoJm7cSJL1q4jBpTNbxyU.jpg"
        />
      </div>
      <div
        className="media-meta"
      >
        <h3
          className="media-meta__title"
        >
          Dragon Ball Super: Super Hero
        </h3>
        <h4
          className="media-meta__year"
        >
          2022
        </h4>
      </div>
    </div>
    <div
      className="media"
      onMouseEnter={[Function]}
      onMouseLeave={[Function]}
    >
      <div
        className="media__image-container"
      >
        <img
          alt="Fullmetal Alchemist: The Revenge of Scar Poster"
          className="media__image"
          src="http://image.tmdb.org/t/p/w185/c5OwwBNyJkwyroIOIJL9IiRjydR.jpg"
        />
      </div>
      <div
        className="media-meta"
      >
        <h3
          className="media-meta__title"
        >
          Fullmetal Alchemist: The Revenge of Scar
        </h3>
        <h4
          className="media-meta__year"
        >
          2022
        </h4>
      </div>
    </div>
  </div>
</div>
`;

exports[`MediaList tiled variant has no markup regressions 1`] = `
<div
  className="media-list"
>
  <h2
    className="media-list__title"
  >
    Movies
  </h2>
  <div
    className="media-list__container"
  >
    <div
      className="media"
      onMouseEnter={[Function]}
      onMouseLeave={[Function]}
    >
      <div
        className="media__image-container"
      >
        <img
          alt="Orphan: First Kill Poster"
          className="media__image"
          src="http://image.tmdb.org/t/p/w185/wSqAXL1EHVJ3MOnJzMhUngc8gFs.jpg"
        />
      </div>
      <div
        className="media-meta"
      >
        <h3
          className="media-meta__title"
        >
          Orphan: First Kill
        </h3>
        <h4
          className="media-meta__year"
        >
          2022
        </h4>
      </div>
    </div>
    <div
      className="media"
      onMouseEnter={[Function]}
      onMouseLeave={[Function]}
    >
      <div
        className="media__image-container"
      >
        <img
          alt="Fall Poster"
          className="media__image"
          src="http://image.tmdb.org/t/p/w185/spCAxD99U1A6jsiePFoqdEcY0dG.jpg"
        />
      </div>
      <div
        className="media-meta"
      >
        <h3
          className="media-meta__title"
        >
          Fall
        </h3>
        <h4
          className="media-meta__year"
        >
          2022
        </h4>
      </div>
    </div>
    <div
      className="media"
      onMouseEnter={[Function]}
      onMouseLeave={[Function]}
    >
      <div
        className="media__image-container"
      >
        <img
          alt="Pinocchio Poster"
          className="media__image"
          src="http://image.tmdb.org/t/p/w185/g8sclIV4gj1TZqUpnL82hKOTK3B.jpg"
        />
      </div>
      <div
        className="media-meta"
      >
        <h3
          className="media-meta__title"
        >
          Pinocchio
        </h3>
        <h4
          className="media-meta__year"
        >
          2022
        </h4>
      </div>
    </div>
    <div
      className="media"
      onMouseEnter={[Function]}
      onMouseLeave={[Function]}
    >
      <div
        className="media__image-container"
      >
        <img
          alt="Beast Poster"
          className="media__image"
          src="http://image.tmdb.org/t/p/w185/iRV0IB5xQeOymuGGUBarTecQVAl.jpg"
        />
      </div>
      <div
        className="media-meta"
      >
        <h3
          className="media-meta__title"
        >
          Beast
        </h3>
        <h4
          className="media-meta__year"
        >
          2022
        </h4>
      </div>
    </div>
    <div
      className="media"
      onMouseEnter={[Function]}
      onMouseLeave={[Function]}
    >
      <div
        className="media__image-container"
      >
        <img
          alt="Samaritan Poster"
          className="media__image"
          src="http://image.tmdb.org/t/p/w185/vwq5iboxYoaSpOmEQrhq9tHicq7.jpg"
        />
      </div>
      <div
        className="media-meta"
      >
        <h3
          className="media-meta__title"
        >
          Samaritan
        </h3>
        <h4
          className="media-meta__year"
        >
          2022
        </h4>
      </div>
    </div>
    <div
      className="media"
      onMouseEnter={[Function]}
      onMouseLeave={[Function]}
    >
      <div
        className="media__image-container"
      >
        <img
          alt="RRR Poster"
          className="media__image"
          src="http://image.tmdb.org/t/p/w185/wE0I6efAW4cDDmZQWtwZMOW44EJ.jpg"
        />
      </div>
      <div
        className="media-meta"
      >
        <h3
          className="media-meta__title"
        >
          RRR
        </h3>
        <h4
          className="media-meta__year"
        >
          2022
        </h4>
      </div>
    </div>
    <div
      className="media"
      onMouseEnter={[Function]}
      onMouseLeave={[Function]}
    >
      <div
        className="media__image-container"
      >
        <img
          alt="Thor: Love and Thunder Poster"
          className="media__image"
          src="http://image.tmdb.org/t/p/w185/pIkRyD18kl4FhoCNQuWxWu5cBLM.jpg"
        />
      </div>
      <div
        className="media-meta"
      >
        <h3
          className="media-meta__title"
        >
          Thor: Love and Thunder
        </h3>
        <h4
          className="media-meta__year"
        >
          2022
        </h4>
      </div>
    </div>
    <div
      className="media"
      onMouseEnter={[Function]}
      onMouseLeave={[Function]}
    >
      <div
        className="media__image-container"
      >
        <img
          alt="Prey Poster"
          className="media__image"
          src="http://image.tmdb.org/t/p/w185/ujr5pztc1oitbe7ViMUOilFaJ7s.jpg"
        />
      </div>
      <div
        className="media-meta"
      >
        <h3
          className="media-meta__title"
        >
          Prey
        </h3>
        <h4
          className="media-meta__year"
        >
          2022
        </h4>
      </div>
    </div>
    <div
      className="media"
      onMouseEnter={[Function]}
      onMouseLeave={[Function]}
    >
      <div
        className="media__image-container"
      >
        <img
          alt="Dragon Ball Super: Super Hero Poster"
          className="media__image"
          src="http://image.tmdb.org/t/p/w185/rugyJdeoJm7cSJL1q4jBpTNbxyU.jpg"
        />
      </div>
      <div
        className="media-meta"
      >
        <h3
          className="media-meta__title"
        >
          Dragon Ball Super: Super Hero
        </h3>
        <h4
          className="media-meta__year"
        >
          2022
        </h4>
      </div>
    </div>
    <div
      className="media"
      onMouseEnter={[Function]}
      onMouseLeave={[Function]}
    >
      <div
        className="media__image-container"
      >
        <img
          alt="Fullmetal Alchemist: The Revenge of Scar Poster"
          className="media__image"
          src="http://image.tmdb.org/t/p/w185/c5OwwBNyJkwyroIOIJL9IiRjydR.jpg"
        />
      </div>
      <div
        className="media-meta"
      >
        <h3
          className="media-meta__title"
        >
          Fullmetal Alchemist: The Revenge of Scar
        </h3>
        <h4
          className="media-meta__year"
        >
          2022
        </h4>
      </div>
    </div>
  </div>
</div>
`;
