// Jest Snapshot v1, https://goo.gl/fbAQLP

exports[`Media has no markup regressions 1`] = `
<div
  className="media"
  onMouseEnter={[Function]}
  onMouseLeave={[Function]}
>
  <div
    className="media__image-container"
  >
    <img
      alt="Orphan: First Kill Poster"
      className="media__image"
      src="http://image.tmdb.org/t/p/w185/wSqAXL1EHVJ3MOnJzMhUngc8gFs.jpg"
    />
  </div>
  <div
    className="media-meta"
  >
    <h3
      className="media-meta__title"
    >
      Orphan: First Kill
    </h3>
    <h4
      className="media-meta__year"
    >
      2022
    </h4>
  </div>
</div>
`;
